[{"stream_name":"stdout","time":0.713108931,"data":"input: ['computers_gs.json', 'computers_train_large.json', 'computers_train_medium.json', 'computers_train_small.json', 'computers_train_xlarge.json', 'val_ids_large.txt', 'val_ids_medium.txt', 'val_ids_small.txt', 'val_ids_xlarge.txt']\n"}
,{"stream_name":"stdout","time":0.766755044,"data":"GPU 0: Tesla T4 (UUID: GPU-a39cc97b-6fc5-1420-7ee4-a8d391d425ab)\n"}
,{"stream_name":"stdout","time":0.766817218,"data":"GPU 1: Tesla T4 (UUID: GPU-d66661e4-e4e9-c8d7-3a06-1f1ad22ff02a)\n"}
,{"stream_name":"stdout","time":259.940227399,"data":"\n"}
,{"stream_name":"stdout","time":259.940282912,"data":"######## run 0 (gpu 0): dl.py --size medium --model intfloat/multilingual-e5-base --lr 3e-5 --seed 0 -\u003e exit 0\n"}
,{"stream_name":"stdout","time":259.941306871,"data":"  ep1 step 150/203 loss=0.3761 [25s]\n"}
,{"stream_name":"stdout","time":259.941323949,"data":"  ep1 step 200/203 loss=0.2768 [33s]\n"}
,{"stream_name":"stdout","time":259.941329895,"data":"  ep1: train loss=0.3942  val F1=0.8509  [38s]\n"}
,{"stream_name":"stdout","time":259.941334468,"data":"  ep2 step 0/203 loss=0.2371 [40s]\n"}
,{"stream_name":"stdout","time":259.941338891,"data":"  ep2 step 50/203 loss=0.1908 [48s]\n"}
,{"stream_name":"stdout","time":259.94134305,"data":"  ep2 step 100/203 loss=0.1869 [56s]\n"}
,{"stream_name":"stdout","time":259.941347504,"data":"  ep2 step 150/203 loss=0.1810 [65s]\n"}
,{"stream_name":"stdout","time":259.941357841,"data":"  ep2 step 200/203 loss=0.1676 [73s]\n"}
,{"stream_name":"stdout","time":259.941360884,"data":"  ep2: train loss=0.1766  val F1=0.9162  [79s]\n"}
,{"stream_name":"stdout","time":259.941363789,"data":"  ep3 step 0/203 loss=0.0266 [80s]\n"}
,{"stream_name":"stdout","time":259.941366679,"data":"  ep3 step 50/203 loss=0.1156 [89s]\n"}
,{"stream_name":"stdout","time":259.941380514,"data":"  ep3 step 100/203 loss=0.1276 [98s]\n"}
,{"stream_name":"stdout","time":259.941383555,"data":"  ep3 step 150/203 loss=0.1353 [107s]\n"}
,{"stream_name":"stdout","time":259.941387168,"data":"  ep3 step 200/203 loss=0.1227 [116s]\n"}
,{"stream_name":"stdout","time":259.941391045,"data":"  ep3: train loss=0.1236  val F1=0.9133  [122s]\n"}
,{"stream_name":"stdout","time":259.941407724,"data":"  ep4 step 0/203 loss=0.0516 [122s]\n"}
,{"stream_name":"stdout","time":259.941412719,"data":"  ep4 step 50/203 loss=0.0798 [130s]\n"}
,{"stream_name":"stdout","time":259.941417693,"data":"  ep4 step 100/203 loss=0.0902 [139s]\n"}
,{"stream_name":"stdout","time":259.941422628,"data":"  ep4 step 150/203 loss=0.0989 [147s]\n"}
,{"stream_name":"stdout","time":259.941427793,"data":"  ep4 step 200/203 loss=0.0911 [156s]\n"}
,{"stream_name":"stdout","time":259.941433515,"data":"  ep4: train loss=0.0903  val F1=0.9220  [161s]\n"}
,{"stream_name":"stdout","time":259.941438343,"data":"  ep5 step 0/203 loss=0.0125 [163s]\n"}
,{"stream_name":"stdout","time":259.941443444,"data":"  ep5 step 50/203 loss=0.0688 [172s]\n"}
,{"stream_name":"stdout","time":259.941448733,"data":"  ep5 step 100/203 loss=0.0723 [180s]\n"}
,{"stream_name":"stdout","time":259.941454128,"data":"  ep5 step 150/203 loss=0.0663 [189s]\n"}
,{"stream_name":"stdout","time":259.94145975,"data":"  ep5 step 200/203 loss=0.0636 [198s]\n"}
,{"stream_name":"stdout","time":259.941464961,"data":"  ep5: train loss=0.0675  val F1=0.9200  [204s]\n"}
,{"stream_name":"stdout","time":259.941470361,"data":"\n"}
,{"stream_name":"stdout","time":259.941475759,"data":"ИТОГ (multilingual-e5-base | title | len128 lr3e-05 ep5, лучшая эпоха 4): val F1=0.922 | test F1=0.912 [0.888, 0.935] P=0.894 R=0.930 PR-AUC=0.973\n"}
,{"stream_name":"stdout","time":259.941483093,"data":"\n"}
,{"stream_name":"stdout","time":271.904718815,"data":"\n"}
,{"stream_name":"stdout","time":271.904760427,"data":"######## run 1 (gpu 1): dl.py --size medium --model intfloat/multilingual-e5-base --lr 3e-5 --seed 1 -\u003e exit 0\n"}
,{"stream_name":"stdout","time":271.905486778,"data":" ep1 step 150/203 loss=0.3458 [25s]\n"}
,{"stream_name":"stdout","time":271.905504512,"data":"  ep1 step 200/203 loss=0.2745 [34s]\n"}
,{"stream_name":"stdout","time":271.905510719,"data":"  ep1: train loss=0.3836  val F1=0.8619  [39s]\n"}
,{"stream_name":"stdout","time":271.90551576,"data":"  ep2 step 0/203 loss=0.1940 [41s]\n"}
,{"stream_name":"stdout","time":271.905520479,"data":"  ep2 step 50/203 loss=0.2035 [49s]\n"}
,{"stream_name":"stdout","time":271.905542685,"data":"  ep2 step 100/203 loss=0.1859 [58s]\n"}
,{"stream_name":"stdout","time":271.905548136,"data":"  ep2 step 150/203 loss=0.1739 [67s]\n"}
,{"stream_name":"stdout","time":271.905553,"data":"  ep2 step 200/203 loss=0.1882 [76s]\n"}
,{"stream_name":"stdout","time":271.905557861,"data":"  ep2: train loss=0.1872  val F1=0.9046  [82s]\n"}
,{"stream_name":"stdout","time":271.905563256,"data":"  ep3 step 0/203 loss=0.1766 [84s]\n"}
,{"stream_name":"stdout","time":271.905568035,"data":"  ep3 step 50/203 loss=0.1400 [93s]\n"}
,{"stream_name":"stdout","time":271.905573487,"data":"  ep3 step 100/203 loss=0.1358 [102s]\n"}
,{"stream_name":"stdout","time":271.905578649,"data":"  ep3 step 150/203 loss=0.1370 [112s]\n"}
,{"stream_name":"stdout","time":271.905583467,"data":"  ep3 step 200/203 loss=0.1195 [121s]\n"}
,{"stream_name":"stdout","time":271.905588998,"data":"  ep3: train loss=0.1275  val F1=0.9124  [127s]\n"}
,{"stream_name":"stdout","time":271.905593939,"data":"  ep4 step 0/203 loss=0.2052 [128s]\n"}
,{"stream_name":"stdout","time":271.905598707,"data":"  ep4 step 50/203 loss=0.0977 [137s]\n"}
,{"stream_name":"stdout","time":271.905603718,"data":"  ep4 step 100/203 loss=0.1002 [146s]\n"}
,{"stream_name":"stdout","time":271.905609125,"data":"  ep4 step 150/203 loss=0.1005 [155s]\n"}
,{"stream_name":"stdout","time":271.905613927,"data":"  ep4 step 200/203 loss=0.0867 [164s]\n"}
,{"stream_name":"stdout","time":271.905618707,"data":"  ep4: train loss=0.0932  val F1=0.9209  [170s]\n"}
,{"stream_name":"stdout","time":271.90562347,"data":"  ep5 step 0/203 loss=0.0124 [172s]\n"}
,{"stream_name":"stdout","time":271.905628221,"data":"  ep5 step 50/203 loss=0.0979 [181s]\n"}
,{"stream_name":"stdout","time":271.905632939,"data":"  ep5 step 100/203 loss=0.0790 [190s]\n"}
,{"stream_name":"stdout","time":271.905637683,"data":"  ep5 step 150/203 loss=0.0588 [200s]\n"}
,{"stream_name":"stdout","time":271.905642581,"data":"  ep5 step 200/203 loss=0.0618 [209s]\n"}
,{"stream_name":"stdout","time":271.905647352,"data":"  ep5: train loss=0.0713  val F1=0.9220  [215s]\n"}
,{"stream_name":"stdout","time":271.905657475,"data":"\n"}
,{"stream_name":"stdout","time":271.905662737,"data":"ИТОГ (multilingual-e5-base | title | len128 lr3e-05 ep5, лучшая эпоха 5): val F1=0.922 | test F1=0.916 [0.891, 0.937] P=0.906 R=0.927 PR-AUC=0.960\n"}
,{"stream_name":"stdout","time":271.905669373,"data":"\n"}
,{"stream_name":"stdout","time":386.321860231,"data":"\n"}
,{"stream_name":"stdout","time":386.321903544,"data":"######## run 3 (gpu 1): dl.py --size medium --seed 1 -\u003e exit 0\n"}
,{"stream_name":"stdout","time":386.322472477,"data":"s=0.5409 [7s]\n"}
,{"stream_name":"stdout","time":386.322486204,"data":"  ep1 step 150/203 loss=0.4187 [11s]\n"}
,{"stream_name":"stdout","time":386.32249211,"data":"  ep1 step 200/203 loss=0.3337 [14s]\n"}
,{"stream_name":"stdout","time":386.322516384,"data":"  ep1: train loss=0.4369  val F1=0.8514  [17s]\n"}
,{"stream_name":"stdout","time":386.322522056,"data":"  ep2 step 0/203 loss=0.2866 [18s]\n"}
,{"stream_name":"stdout","time":386.322529697,"data":"  ep2 step 50/203 loss=0.2476 [21s]\n"}
,{"stream_name":"stdout","time":386.322532292,"data":"  ep2 step 100/203 loss=0.2353 [25s]\n"}
,{"stream_name":"stdout","time":386.322534545,"data":"  ep2 step 150/203 loss=0.2064 [28s]\n"}
,{"stream_name":"stdout","time":386.32253671,"data":"  ep2 step 200/203 loss=0.1785 [32s]\n"}
,{"stream_name":"stdout","time":386.322538947,"data":"  ep2: train loss=0.2060  val F1=0.9171  [35s]\n"}
,{"stream_name":"stdout","time":386.322541141,"data":"  ep3 step 0/203 loss=0.0633 [35s]\n"}
,{"stream_name":"stdout","time":386.322543306,"data":"  ep3 step 50/203 loss=0.1610 [39s]\n"}
,{"stream_name":"stdout","time":386.322545466,"data":"  ep3 step 100/203 loss=0.1557 [42s]\n"}
,{"stream_name":"stdout","time":386.322547701,"data":"  ep3 step 150/203 loss=0.1353 [46s]\n"}
,{"stream_name":"stdout","time":386.322549889,"data":"  ep3 step 200/203 loss=0.1397 [49s]\n"}
,{"stream_name":"stdout","time":386.322552047,"data":"  ep3: train loss=0.1473  val F1=0.9142  [52s]\n"}
,{"stream_name":"stdout","time":386.322554232,"data":"  ep4 step 0/203 loss=0.0601 [52s]\n"}
,{"stream_name":"stdout","time":386.322556486,"data":"  ep4 step 50/203 loss=0.1293 [55s]\n"}
,{"stream_name":"stdout","time":386.322558647,"data":"  ep4 step 100/203 loss=0.1230 [59s]\n"}
,{"stream_name":"stdout","time":386.322560809,"data":"  ep4 step 150/203 loss=0.1033 [62s]\n"}
,{"stream_name":"stdout","time":386.322562975,"data":"  ep4 step 200/203 loss=0.1068 [66s]\n"}
,{"stream_name":"stdout","time":386.32256522,"data":"  ep4: train loss=0.1165  val F1=0.9200  [68s]\n"}
,{"stream_name":"stdout","time":386.322567427,"data":"  ep5 step 0/203 loss=0.1852 [69s]\n"}
,{"stream_name":"stdout","time":386.322570561,"data":"  ep5 step 50/203 loss=0.1153 [72s]\n"}
,{"stream_name":"stdout","time":386.322587346,"data":"  ep5 step 100/203 loss=0.0991 [76s]\n"}
,{"stream_name":"stdout","time":386.322591522,"data":"  ep5 step 150/203 loss=0.0891 [79s]\n"}
,{"stream_name":"stdout","time":386.322595252,"data":"  ep5 step 200/203 loss=0.0912 [83s]\n"}
,{"stream_name":"stdout","time":386.322599333,"data":"  ep5: train loss=0.0948  val F1=0.9277  [85s]\n"}
,{"stream_name":"stdout","time":386.322603427,"data":"\n"}
,{"stream_name":"stdout","time":386.322606893,"data":"ИТОГ (multilingual-e5-small | title | len128 lr5e-05 ep5, лучшая эпоха 5): val F1=0.928 | test F1=0.906 [0.882, 0.930] P=0.878 R=0.937 PR-AUC=0.965\n"}
,{"stream_name":"stdout","time":386.322611392,"data":"\n"}
,{"stream_name":"stdout","time":493.364849149,"data":"\n"}
,{"stream_name":"stdout","time":493.364922791,"data":"######## run 2 (gpu 0): dl.py --size medium --model intfloat/multilingual-e5-base --lr 3e-5 --seed 2 -\u003e exit 0\n"}
,{"stream_name":"stdout","time":493.365293305,"data":" ep1 step 150/203 loss=0.3234 [26s]\n"}
,{"stream_name":"stdout","time":493.365305128,"data":"  ep1 step 200/203 loss=0.2314 [35s]\n"}
,{"stream_name":"stdout","time":493.365309994,"data":"  ep1: train loss=0.3513  val F1=0.8800  [41s]\n"}
,{"stream_name":"stdout","time":493.36531467,"data":"  ep2 step 0/203 loss=0.1125 [43s]\n"}
,{"stream_name":"stdout","time":493.365319062,"data":"  ep2 step 50/203 loss=0.1829 [52s]\n"}
,{"stream_name":"stdout","time":493.365323306,"data":"  ep2 step 100/203 loss=0.1801 [61s]\n"}
,{"stream_name":"stdout","time":493.365327563,"data":"  ep2 step 150/203 loss=0.1671 [70s]\n"}
,{"stream_name":"stdout","time":493.365353331,"data":"  ep2 step 200/203 loss=0.1631 [78s]\n"}
,{"stream_name":"stdout","time":493.365357855,"data":"  ep2: train loss=0.1732  val F1=0.8943  [83s]\n"}
,{"stream_name":"stdout","time":493.365361628,"data":"  ep3 step 0/203 loss=0.0943 [85s]\n"}
,{"stream_name":"stdout","time":493.365365023,"data":"  ep3 step 50/203 loss=0.1368 [93s]\n"}
,{"stream_name":"stdout","time":493.365368367,"data":"  ep3 step 100/203 loss=0.1321 [102s]\n"}
,{"stream_name":"stdout","time":493.365371662,"data":"  ep3 step 150/203 loss=0.1273 [110s]\n"}
,{"stream_name":"stdout","time":493.36537492,"data":"  ep3 step 200/203 loss=0.1136 [119s]\n"}
,{"stream_name":"stdout","time":493.365378219,"data":"  ep3: train loss=0.1224  val F1=0.9191  [125s]\n"}
,{"stream_name":"stdout","time":493.365381635,"data":"  ep4 step 0/203 loss=0.0121 [126s]\n"}
,{"stream_name":"stdout","time":493.365384897,"data":"  ep4 step 50/203 loss=0.0911 [135s]\n"}
,{"stream_name":"stdout","time":493.365388155,"data":"  ep4 step 100/203 loss=0.0867 [144s]\n"}
,{"stream_name":"stdout","time":493.365391524,"data":"  ep4 step 150/203 loss=0.0928 [152s]\n"}
,{"stream_name":"stdout","time":493.365394865,"data":"  ep4 step 200/203 loss=0.0907 [161s]\n"}
,{"stream_name":"stdout","time":493.365398141,"data":"  ep4: train loss=0.0911  val F1=0.9269  [166s]\n"}
,{"stream_name":"stdout","time":493.365401463,"data":"  ep5 step 0/203 loss=0.0122 [168s]\n"}
,{"stream_name":"stdout","time":493.36540484,"data":"  ep5 step 50/203 loss=0.0587 [176s]\n"}
,{"stream_name":"stdout","time":493.365408082,"data":"  ep5 step 100/203 loss=0.0727 [185s]\n"}
,{"stream_name":"stdout","time":493.365411382,"data":"  ep5 step 150/203 loss=0.0758 [193s]\n"}
,{"stream_name":"stdout","time":493.365414626,"data":"  ep5 step 200/203 loss=0.0612 [202s]\n"}
,{"stream_name":"stdout","time":493.365417841,"data":"  ep5: train loss=0.0668  val F1=0.9260  [208s]\n"}
,{"stream_name":"stdout","time":493.365421512,"data":"\n"}
,{"stream_name":"stdout","time":493.3654289,"data":"ИТОГ (multilingual-e5-base | title | len128 lr3e-05 ep5, лучшая эпоха 4): val F1=0.927 | test F1=0.912 [0.888, 0.935] P=0.892 R=0.933 PR-AUC=0.967\n"}
,{"stream_name":"stdout","time":493.365444248,"data":"\n"}
,{"stream_name":"stdout","time":596.994046273,"data":"\n"}
,{"stream_name":"stdout","time":596.994086396,"data":"######## run 4 (gpu 0): dl.py --size medium --seed 2 -\u003e exit 0\n"}
,{"stream_name":"stdout","time":596.994542571,"data":"s=0.5611 [7s]\n"}
,{"stream_name":"stdout","time":596.994567886,"data":"  ep1 step 150/203 loss=0.4784 [11s]\n"}
,{"stream_name":"stdout","time":596.99457483,"data":"  ep1 step 200/203 loss=0.3768 [14s]\n"}
,{"stream_name":"stdout","time":596.994579659,"data":"  ep1: train loss=0.4676  val F1=0.8642  [17s]\n"}
,{"stream_name":"stdout","time":596.994584286,"data":"  ep2 step 0/203 loss=0.1704 [17s]\n"}
,{"stream_name":"stdout","time":596.99458888,"data":"  ep2 step 50/203 loss=0.2360 [21s]\n"}
,{"stream_name":"stdout","time":596.994593456,"data":"  ep2 step 100/203 loss=0.2353 [24s]\n"}
,{"stream_name":"stdout","time":596.994603734,"data":"  ep2 step 150/203 loss=0.2281 [28s]\n"}
,{"stream_name":"stdout","time":596.99460731,"data":"  ep2 step 200/203 loss=0.2119 [31s]\n"}
,{"stream_name":"stdout","time":596.994610452,"data":"  ep2: train loss=0.2223  val F1=0.8960  [34s]\n"}
,{"stream_name":"stdout","time":596.994613479,"data":"  ep3 step 0/203 loss=0.0604 [34s]\n"}
,{"stream_name":"stdout","time":596.994616478,"data":"  ep3 step 50/203 loss=0.1559 [38s]\n"}
,{"stream_name":"stdout","time":596.99461963,"data":"  ep3 step 100/203 loss=0.1561 [41s]\n"}
,{"stream_name":"stdout","time":596.994650125,"data":"  ep3 step 150/203 loss=0.1584 [45s]\n"}
,{"stream_name":"stdout","time":596.994654746,"data":"  ep3 step 200/203 loss=0.1492 [48s]\n"}
,{"stream_name":"stdout","time":596.994658958,"data":"  ep3: train loss=0.1519  val F1=0.9191  [51s]\n"}
,{"stream_name":"stdout","time":596.994663032,"data":"  ep4 step 0/203 loss=0.1433 [51s]\n"}
,{"stream_name":"stdout","time":596.99467488,"data":"  ep4 step 50/203 loss=0.1389 [55s]\n"}
,{"stream_name":"stdout","time":596.994678792,"data":"  ep4 step 100/203 loss=0.1302 [58s]\n"}
,{"stream_name":"stdout","time":596.994682364,"data":"  ep4 step 150/203 loss=0.1266 [62s]\n"}
,{"stream_name":"stdout","time":596.994685906,"data":"  ep4 step 200/203 loss=0.1040 [65s]\n"}
,{"stream_name":"stdout","time":596.994689534,"data":"  ep4: train loss=0.1167  val F1=0.9152  [67s]\n"}
,{"stream_name":"stdout","time":596.994693124,"data":"  ep5 step 0/203 loss=0.1632 [68s]\n"}
,{"stream_name":"stdout","time":596.99469674,"data":"  ep5 step 50/203 loss=0.1244 [71s]\n"}
,{"stream_name":"stdout","time":596.994700226,"data":"  ep5 step 100/203 loss=0.0993 [74s]\n"}
,{"stream_name":"stdout","time":596.994703881,"data":"  ep5 step 150/203 loss=0.0811 [78s]\n"}
,{"stream_name":"stdout","time":596.994707446,"data":"  ep5 step 200/203 loss=0.0969 [81s]\n"}
,{"stream_name":"stdout","time":596.994710945,"data":"  ep5: train loss=0.0981  val F1=0.9211  [84s]\n"}
,{"stream_name":"stdout","time":596.994714557,"data":"\n"}
,{"stream_name":"stdout","time":596.99473634,"data":"ИТОГ (multilingual-e5-small | title | len128 lr5e-05 ep5, лучшая эпоха 5): val F1=0.921 | test F1=0.884 [0.858, 0.908] P=0.843 R=0.930 PR-AUC=0.930\n"}
,{"stream_name":"stdout","time":596.994753393,"data":"\n"}
,{"stream_name":"stderr","time":599.016690231,"data":"/usr/local/lib/python3.12/dist-packages/mistune.py:435: SyntaxWarning: invalid escape sequence '\\|'\n"}
,{"stream_name":"stderr","time":599.016751592,"data":"  cells[i][c] = re.sub('\\\\\\\\\\|', '|', cell)\n"}
,{"stream_name":"stderr","time":599.218412179,"data":"/usr/local/lib/python3.12/dist-packages/nbconvert/filters/filter_links.py:36: SyntaxWarning: invalid escape sequence '\\_'\n"}
,{"stream_name":"stderr","time":599.218437584,"data":"  text = re.sub(r'_', '\\_', text) # Escape underscores in display text\n"}
,{"stream_name":"stderr","time":599.801978273,"data":"[NbConvertApp] Converting notebook __script__.ipynb to html\n"}
,{"stream_name":"stderr","time":600.964889042,"data":"[NbConvertApp] Writing 317187 bytes to __results__.html\n"}
]