=== F1 на test: mean ± std по seeds (только заголовки, 5 эпох) ===
small   бустинг v2: 0.856
        multilingual-e5-base     0.842 ± 0.020  (n=3)  Δ=-0.014
        multilingual-e5-small    0.840 ± 0.020  (n=3)  Δ=-0.016
medium  бустинг v2: 0.889
        multilingual-e5-base     0.913 ± 0.002  (n=3)  Δ=+0.024
        multilingual-e5-small    0.901 ± 0.015  (n=3)  Δ=+0.012
large   бустинг v2: 0.907
        multilingual-e5-base     0.946 ± 0.003  (n=3)  Δ=+0.039
xlarge  бустинг v2: 0.912
        multilingual-e5-base     0.959 ± 0.006  (n=3)  Δ=+0.047

=== Ансамбли (среднее вероятностей, порог по val) ===
small   e5-base, 3 seeds               F1=0.819 P=0.712 R=0.963  vs бустинг ΔF1=-0.037 [-0.067, -0.010]
small   e5-base (3 seeds) + бустинг    F1=0.885 P=0.819 R=0.963  vs бустинг ΔF1=+0.029 [+0.008, +0.051]
medium  e5-base, 3 seeds               F1=0.924 P=0.915 R=0.933  vs бустинг ΔF1=+0.035 [+0.008, +0.061]
medium  e5-base (3 seeds) + бустинг    F1=0.930 P=0.905 R=0.957  vs бустинг ΔF1=+0.041 [+0.021, +0.062]
large   e5-base, 3 seeds               F1=0.949 P=0.935 R=0.963  vs бустинг ΔF1=+0.042 [+0.018, +0.069]
large   e5-base (3 seeds) + бустинг    F1=0.957 P=0.942 R=0.973  vs бустинг ΔF1=+0.050 [+0.028, +0.073]
xlarge  e5-base, 3 seeds               F1=0.961 P=0.969 R=0.953  vs бустинг ΔF1=+0.049 [+0.027, +0.074]
xlarge  e5-base (3 seeds) + бустинг    F1=0.967 P=0.961 R=0.973  vs бустинг ΔF1=+0.055 [+0.036, +0.076]

=== Ошибки на test, xlarge: e5-base seed 1 (лучший по val) vs бустинг v2 ===
e5-base  FP=12  FN=11
бустинг  FP=35  FN=19
ошибаются обе: 9; только бустинг: 45; только e5-base: 14

--- бустинг ошибался, e5-base исправил (примеры):
 label  dl_score                                                                                                     title_left                                                                                                                                         title_right
     1  0.998573                    apple macbook air 13-inch 1.6ghz core i5 (early 2015) mmgf2ll/a macbook 13 | macofalltrades                                               apple mmgf2ll/a macbook air 13.3-inch laptop (8gb ram 128 gb ssd) mmgf2 laptops | computers authority
     0  0.000089                                               wd red nas 3.5 internal hdd sata 6gb/s, 2tb 6gb/s 2tb - wd | cpc                                                                                    wd red nas 3.5 internal hdd sata 6gb/s, 1tb 6gb/s 1tb - wd | cpc
     0  0.000037                       intel - core i7-7700k 4.2ghz quad-core processor processor (bx80677i77700k) pcpartpicker                        intel® core™ i7-7700 processor 8m cache 4 cores 3.6ghz up to 4.2ghz fc-lga14c retail box kaby lake intel core i7-7700 - ncix
     0  0.000035                                            switch tp-link 5 portas 10/100mbps 10/100mbps (tl-sf1005d) - pcdiga                                 tp-link tl-sf1008d 8-port 10/100mbps desktop switch - switch 8 ports tp-link ports fixed (managed) switches cdw.com
     1  0.999913                                     kingston 32gb datatraveler 100 g3 usb 3.0 flash drive drive (dt100g3/32gb) kingston technology datatraveler 100 generation 3 32gb usb 3 almacenamiento disco duro o tarjeta? - tu tienda online líder con precios más baratos!
     0  0.000134                    lenovo thinkpad 11e chromebook - 11.6 celeron n3160 4 gb ram 16 ssd g oetc consortium store                                                      lenovo thinkpad yoga 11e chromebook - 11.6 celeron n3160 4 gb ram 16 ssd oetc consortium store
     1  0.993980                           apple mac mini 2.8ghz intel core i5 hp elite slice (energy star) - black friday 2017                                                 apple mac mini 2.8ghz intel core i5 mac mini qc i5 2.6ghz/8gb/1tb/iris graphics - black friday 2017
     0  0.002720                                                        apple - 12.9- inch ipad pro with wi-fi 32 gb silver -us                                                                                               apple - 12.9- inch ipad pro with wi-fi 32 gb gold -us
     0  0.000017 hp probook 640 g3 i5-7200u 8gb 256gb ssd 14 w10pro pro x2 612 g2 2 en 1 core m3-7y30 128gb tactil 12 fhd w1...                                       hp power bank para ordenadores portátiles pro x2 612 g2 2 en 1 core m3-7y30 8gb 128gb ssd tactil 12 fhd w1...
     0  0.000031                                                                 apple - ipad mini 4 wi-fi 128gb space gray -us                                                                                                          apple - ipad mini 4 wi-fi 128gb silver -us
     1  0.999923                              amd fd6300wmhkbox fx 6300 6c processor am3+ 14mb 95w 3500 mhz box box for $87.41.                    amd piledriver fx-6 six core 6300 black edition 3.50ghz (socket am3+) processor - retail socket am3plus | fd6300wmhkbox novatech
     0  0.001266 lenovo thinkserver td350 - tower xeon e5-2620v4 2.1 ghz 16 gb 0 gb lenovo 70dg007qux x86 based servers cdw.com                                      lenovo thinkserver td350 - tower xeon e5-2620v4 2.1 ghz 16 gb 0 gb lenovo 70dg006qux x86 based servers cdw.com

--- e5-base ошибается (все FP и FN):
 label  dl_score                                                                                                                                                                                                       title_left                                                                                                                                         title_right
     0  0.996989                                                                                                              apple mac mini 2.8ghz intel core i5 mac mini qc i5 2.6ghz/8gb/1tb/iris graphics - black friday 2017                                         mac mini qc i5 2.6ghz/8gb/1tb/iris graphics hp omen ordenador de sobremesa by - 870-110ns black friday 2017
     0  0.931968                                                                         lenovo y700-15isk i7-6700hq 12gb 1tb nvidia gtx960m 4gb 15.6 w10 gaming black friday 2017 | megacomponentes.com informática y tecnología                  tech air taecb001 15.6 mochila negro maletines para portáti lenovo y700-15isk i7-6700hq 12gb 1tb nvidia gtx960m 4gb 15.6 w10 ga...
     0  0.489935                                                                                                                   kingston 64gb datatraveler se9 g2 usb 3.0 flash drive (dtse9g2/64gb) ▷ kingston (dtse9… | ocuk                                                         kingston datatraveler se9 g2 16 gb usb 3.0 kingston 3.0 - dtse9g2/16gb thumb drives cdw.com
     0  0.997432                                                                                                              apple mac mini 2.8ghz intel core i5 mac mini qc i5 2.6ghz/8gb/1tb/iris graphics - black friday 2017                                                                            mac mini qc i5 2.6ghz/8gb/1tb/iris graphics graphics - black friday 2017
     0  0.945091                                                                                                                     kingston usb 3.1 type a+c microduo 3c flash drive 32gb 32gb ln65980 - dtduo3c/32gb | scan uk        kingston 32gb otg (on the go) dt microduo usb 3.0 flash drive for compatible android/windows devices devices ln58992 - dtduo3/32gb | scan uk
     0  0.999148                                                                                                          zotac geforce gtx 1060 - amp! edition graphics card gf 6 gb zotac gb zt-p10600b-10m video cards cdw.com                                                          zotac geforce gtx 1060 amp edition 3072mb gddr5 pci-express graphics card ▷ zotac … | ocuk
     0  0.994227                                                                                                                     kingston usb 3.1 type a+c microduo 3c flash drive 32gb 32gb ln65980 - dtduo3c/32gb | scan uk                                                   kingston 32gb datatraveler microduo usb 3.0 flash drive - otg (dtduo3/32gb) ▷ kingston ot… | ocuk
     0  0.466508                                                                                                                   kingston 64gb datatraveler se9 g2 usb 3.0 flash drive (dtse9g2/64gb) ▷ kingston (dtse9… | ocuk                                                                pen kingston datatraveler se9 g2 16gb usb3.0 kingston usb3.0 (dtse9g2/16gb) - pcdiga
     0  0.998463                                                                                              startech.com displayport to hdmi video converter startech.com converter - dp2hdmi2 monitor cables/adapters cdwg.com startech.com dp2hd4ks displayport to hdmi 4k audio/video converter -us audio & video accessories - page 479 | home entertainment centers online -us
     0  0.997005                                                                                                                    gigabyte radeon rx 550 gaming oc 2048mb gddr5 pci-express graphics card ▷ gigabyte gr… | ocuk                                                             gigabyte amd radeon rx 550 2gb d5 graphics card card ln80158 - gv-rx550d5-2gd | scan uk
     0  0.477477                                                                                                                   kingston 128gb datatraveler se9 g2 usb 3.0 flash drive drive ln78759 - dtse9g2/128gb | scan uk                                                                pen kingston datatraveler se9 g2 16gb usb3.0 kingston usb3.0 (dtse9g2/16gb) - pcdiga
     0  0.999213                                                                                                                                          sandisk 16gb sdsdb-016g sdhc secure digital card 15mb/s class 4 limited                                                                                                            sandisk 4gb sd card (sdhc) - class 4 -se
     1  0.028885 compaq... , hp 18188717... ibm... hp... dell dell... dec... samsung... 128mb... micron technology 127005031 256mb sdram memory pc-133 , printronix... intermec... 18187327... tecmar... ast... lexmark... 1gb...                                                                 127005-031 hp 256mb sdram memory , price 127005-031 new 127005-031 memory wholesale
     1  0.004975                                                                                                         corsair 4gb (1x4gb) ddr3 1333 mhz (pc3 10666) laptop memory -us blank media - page 2 | all tech toys -us                                                   corsair - ddr3 4 gb so-dimm 204-pin corsair 204-pin cmso4gx3m1a1333c9 system memory (ram) cdw.com
     1  0.003743                                                                                                                                                          apple - 12.9- inch ipad pro with wi-fi 32 gb silver -us                                                             apple 12.9-inch ipad pro wi-fi - tablet 32 gb 12.9 apple 12.9 ml0g2ll/a tablets cdw.com
     1  0.007862                                                                                           corsair vengeance lpx black 32gb (2x16gb) ddr4 pc4-17000 2133mhz dual channel kit 2x16gb | cmk32gx4m2a2133c13 novatech                          corsair vengeance lpx - ddr4 32 gb: 2 x 16 gb dimm 288-pin corsair 288-pin cmk32gx4m2a2400c14 system memory (ram) cdwg.com
     1  0.020321                                                                                                                     corsair cmso4gx3m1a1333c9 4gb ddr3 1333mhz sodimm unbuff cl9 for laptops laptops for $38.54.                                            corsair 4gb (1x4gb) ddr3 1333 mhz (pc3 10666) laptop memory -us blank media - page 2 | all tech toys -us
     1  0.003743                                                                                                                          apple 12.9-inch ipad pro wi-fi - tablet 32 gb 12.9 apple 12.9 ml0g2ll/a tablets cdw.com                                                                                             apple - 12.9- inch ipad pro with wi-fi 32 gb silver -us
     1  0.000027                                                                                                                                   apple mjyr2ll/a smart keyboard for 12.9-inch ipad pro pro - the open box store                                                                                              apple - smart keyboard for 12.9 inch ipad pro gray -us
     1  0.000589                                                                                                                                               crucial 4gb pc3-12800 240-pin ddr3 sdram dimm dimm (ct51264bd160b)                                                        crucial - ddr3l 4 gb dimm 240-pin crucial 240-pin ct51264bd160bj system memory (ram) cdw.com
     1  0.028351                                                                                                                                                                   apple - ipad mini 4 wi-fi 128gb space gray -us                                                                     apple ipad mini 4 wi-fi - tablet 128 gb 7.9 apple 7.9 mk9n2ll/a tablets cdw.com
     1  0.000698                                                                                                                                apple macbook pro 15.4 with touch bar silver laptop computer computer - mptu2ll/a                                            apple - macbook pro® 15 display intel core i7 16 gb memory 256gb flash storage (latest model) silver -us
     1  0.000083                                                                                                                  intel core i7-4790 3.60ghz (haswell) socket lga1150 processor - retail ▷ intel processo… | ocuk                                                                                                                       micro. intel i7 4790 lga 1150
