
=== train = small ===
  small   logreg | v1                              val F1=0.847  test F1=0.743 [0.706, 0.777]  P=0.634 R=0.897
  small   grad_boosting | v1                       val F1=0.837  test F1=0.788 [0.751, 0.821]  P=0.718 R=0.873
  small   random_forest | v1 | seed 0              val F1=0.847  test F1=0.746 [0.709, 0.781]  P=0.634 R=0.907
  small   random_forest | v1 | seed 1              val F1=0.850  test F1=0.753 [0.715, 0.787]  P=0.645 R=0.907
  small   random_forest | v1 | seed 2              val F1=0.856  test F1=0.758 [0.720, 0.793]  P=0.656 R=0.897
  small   logreg | v2                              val F1=0.890  test F1=0.828 [0.799, 0.861]  P=0.755 R=0.917
  small   grad_boosting | v2                       val F1=0.882  test F1=0.856 [0.827, 0.885]  P=0.779 R=0.950
  small   random_forest | v2 | seed 0              val F1=0.895  test F1=0.854 [0.821, 0.884]  P=0.799 R=0.917
  small   random_forest | v2 | seed 1              val F1=0.902  test F1=0.839 [0.806, 0.870]  P=0.747 R=0.957
  small   random_forest | v2 | seed 2              val F1=0.891  test F1=0.834 [0.803, 0.864]  P=0.745 R=0.947
  small   grad_boosting | v2 − measures            val F1=0.884  test F1=0.847 [0.817, 0.876]  P=0.805 R=0.893
  small   grad_boosting | v2 − num_unmatched       val F1=0.860  test F1=0.863 [0.834, 0.890]  P=0.812 R=0.920
  small   grad_boosting | v2 − code_diff           val F1=0.869  test F1=0.854 [0.824, 0.883]  P=0.841 R=0.867
  small   grad_boosting | v2 − code_in_text        val F1=0.865  test F1=0.857 [0.827, 0.887]  P=0.857 R=0.857
  small   grad_boosting | v2 − shop                val F1=0.880  test F1=0.844 [0.816, 0.874]  P=0.760 R=0.950
  small   grad_boosting | v2 − length              val F1=0.889  test F1=0.867 [0.840, 0.895]  P=0.793 R=0.957
  лучшие параметры по val (F1=0.889): {'learning_rate': 0.03, 'max_leaf_nodes': 15, 'min_samples_leaf': 20, 'l2_regularization': 0.0}
  small   grad_boosting | v2 | tuned               val F1=0.889  test F1=0.881 [0.853, 0.906]  P=0.823 R=0.947

=== train = medium ===
  medium  logreg | v1                              val F1=0.808  test F1=0.747 [0.712, 0.783]  P=0.636 R=0.907
  medium  grad_boosting | v1                       val F1=0.822  test F1=0.823 [0.789, 0.855]  P=0.776 R=0.877
  medium  random_forest | v1 | seed 0              val F1=0.823  test F1=0.773 [0.736, 0.806]  P=0.679 R=0.897
  medium  random_forest | v1 | seed 1              val F1=0.819  test F1=0.750 [0.714, 0.784]  P=0.635 R=0.917
  medium  random_forest | v1 | seed 2              val F1=0.821  test F1=0.752 [0.716, 0.787]  P=0.634 R=0.923
  medium  logreg | v2                              val F1=0.854  test F1=0.825 [0.793, 0.855]  P=0.725 R=0.957
  medium  grad_boosting | v2                       val F1=0.882  test F1=0.889 [0.861, 0.915]  P=0.846 R=0.937
  medium  random_forest | v2 | seed 0              val F1=0.871  test F1=0.859 [0.830, 0.886]  P=0.788 R=0.943
  medium  random_forest | v2 | seed 1              val F1=0.872  test F1=0.847 [0.816, 0.878]  P=0.758 R=0.960
  medium  random_forest | v2 | seed 2              val F1=0.873  test F1=0.849 [0.818, 0.876]  P=0.763 R=0.957
  medium  grad_boosting | v2 − measures            val F1=0.874  test F1=0.858 [0.829, 0.886]  P=0.790 R=0.940
  medium  grad_boosting | v2 − num_unmatched       val F1=0.879  test F1=0.869 [0.841, 0.897]  P=0.824 R=0.920
  medium  grad_boosting | v2 − code_diff           val F1=0.889  test F1=0.875 [0.846, 0.902]  P=0.840 R=0.913
  medium  grad_boosting | v2 − code_in_text        val F1=0.868  test F1=0.863 [0.832, 0.891]  P=0.816 R=0.917
  medium  grad_boosting | v2 − shop                val F1=0.882  test F1=0.892 [0.866, 0.916]  P=0.863 R=0.923
  medium  grad_boosting | v2 − length              val F1=0.879  test F1=0.880 [0.853, 0.905]  P=0.837 R=0.927
  лучшие параметры по val (F1=0.891): {'learning_rate': 0.03, 'max_leaf_nodes': 31, 'min_samples_leaf': 20, 'l2_regularization': 0.0}
  medium  grad_boosting | v2 | tuned               val F1=0.891  test F1=0.883 [0.855, 0.909]  P=0.832 R=0.940

=== train = large ===
  large   logreg | v1                              val F1=0.751  test F1=0.766 [0.731, 0.800]  P=0.697 R=0.850
  large   grad_boosting | v1                       val F1=0.792  test F1=0.830 [0.795, 0.860]  P=0.786 R=0.880
  large   random_forest | v1 | seed 0              val F1=0.801  test F1=0.825 [0.790, 0.857]  P=0.764 R=0.897
  large   random_forest | v1 | seed 1              val F1=0.800  test F1=0.824 [0.790, 0.854]  P=0.752 R=0.910
  large   random_forest | v1 | seed 2              val F1=0.802  test F1=0.834 [0.800, 0.866]  P=0.787 R=0.887
  large   logreg | v2                              val F1=0.807  test F1=0.802 [0.768, 0.834]  P=0.704 R=0.933
  large   grad_boosting | v2                       val F1=0.859  test F1=0.907 [0.882, 0.930]  P=0.873 R=0.943
  large   random_forest | v2 | seed 0              val F1=0.863  test F1=0.890 [0.864, 0.913]  P=0.834 R=0.953
  large   random_forest | v2 | seed 1              val F1=0.861  test F1=0.889 [0.862, 0.913]  P=0.836 R=0.950
  large   random_forest | v2 | seed 2              val F1=0.863  test F1=0.885 [0.858, 0.910]  P=0.828 R=0.950
  large   grad_boosting | v2 − measures            val F1=0.853  test F1=0.889 [0.861, 0.914]  P=0.848 R=0.933
  large   grad_boosting | v2 − num_unmatched       val F1=0.856  test F1=0.890 [0.865, 0.918]  P=0.840 R=0.947
  large   grad_boosting | v2 − code_diff           val F1=0.853  test F1=0.893 [0.866, 0.918]  P=0.858 R=0.930
  large   grad_boosting | v2 − code_in_text        val F1=0.851  test F1=0.892 [0.866, 0.918]  P=0.861 R=0.927
  large   grad_boosting | v2 − shop                val F1=0.860  test F1=0.898 [0.872, 0.921]  P=0.862 R=0.937
  large   grad_boosting | v2 − length              val F1=0.863  test F1=0.909 [0.885, 0.932]  P=0.869 R=0.953
  лучшие параметры по val (F1=0.875): {'learning_rate': 0.1, 'max_leaf_nodes': 63, 'min_samples_leaf': 20, 'l2_regularization': 0.0}
  large   grad_boosting | v2 | tuned               val F1=0.875  test F1=0.916 [0.892, 0.939]  P=0.903 R=0.930

=== train = xlarge ===
  xlarge  logreg | v1                              val F1=0.729  test F1=0.751 [0.712, 0.786]  P=0.667 R=0.860
  xlarge  grad_boosting | v1                       val F1=0.775  test F1=0.851 [0.822, 0.880]  P=0.810 R=0.897
  xlarge  random_forest | v1 | seed 0              val F1=0.790  test F1=0.854 [0.824, 0.884]  P=0.813 R=0.900
  xlarge  random_forest | v1 | seed 1              val F1=0.791  test F1=0.850 [0.819, 0.878]  P=0.787 R=0.923
  xlarge  random_forest | v1 | seed 2              val F1=0.791  test F1=0.849 [0.818, 0.879]  P=0.818 R=0.883
  xlarge  logreg | v2                              val F1=0.774  test F1=0.809 [0.774, 0.840]  P=0.737 R=0.897
  xlarge  grad_boosting | v2                       val F1=0.853  test F1=0.912 [0.887, 0.935]  P=0.889 R=0.937
  xlarge  random_forest | v2 | seed 0              val F1=0.859  test F1=0.894 [0.869, 0.919]  P=0.848 R=0.947
  xlarge  random_forest | v2 | seed 1              val F1=0.859  test F1=0.898 [0.872, 0.922]  P=0.851 R=0.950
  xlarge  random_forest | v2 | seed 2              val F1=0.858  test F1=0.893 [0.868, 0.918]  P=0.843 R=0.950
  xlarge  grad_boosting | v2 − measures            val F1=0.844  test F1=0.899 [0.872, 0.925]  P=0.865 R=0.937
  xlarge  grad_boosting | v2 − num_unmatched       val F1=0.844  test F1=0.901 [0.877, 0.926]  P=0.875 R=0.930
  xlarge  grad_boosting | v2 − code_diff           val F1=0.843  test F1=0.901 [0.875, 0.924]  P=0.879 R=0.923
  xlarge  grad_boosting | v2 − code_in_text        val F1=0.842  test F1=0.901 [0.875, 0.925]  P=0.875 R=0.930
  xlarge  grad_boosting | v2 − shop                val F1=0.849  test F1=0.908 [0.883, 0.932]  P=0.879 R=0.940
  xlarge  grad_boosting | v2 − length              val F1=0.852  test F1=0.917 [0.891, 0.938]  P=0.893 R=0.943
  лучшие параметры по val (F1=0.868): {'learning_rate': 0.1, 'max_leaf_nodes': 63, 'min_samples_leaf': 20, 'l2_regularization': 0.0}
  xlarge  grad_boosting | v2 | tuned               val F1=0.868  test F1=0.910 [0.885, 0.932]  P=0.896 R=0.923

=== Разбор ошибок: grad_boosting | v2 | tuned (train=xlarge) ===

FP=32  FN=23
FP: есть общий код модели 59%, числа в заголовках различаются 84%
FN: нет общего кода 48%, числа различаются 96%

самые уверенные FP:
    score                                                                                                                               title_left                                                                                                                                         title_right
0.997687                                              lenovo thinkpad 11e chromebook - 11.6 celeron n3160 4 gb ram 16 ssd g oetc consortium store                                                      lenovo thinkpad yoga 11e chromebook - 11.6 celeron n3160 4 gb ram 16 ssd oetc consortium store
0.997552                                                                                  apple - 12.9- inch ipad pro with wi-fi 32 gb silver -us                                                                                               apple - 12.9- inch ipad pro with wi-fi 32 gb gold -us
0.993652                                      apple mac mini 2.8ghz intel core i5 mac mini qc i5 2.6ghz/8gb/1tb/iris graphics - black friday 2017                                                                            mac mini qc i5 2.6ghz/8gb/1tb/iris graphics graphics - black friday 2017
0.980905 lenovo y700-15isk i7-6700hq 12gb 1tb nvidia gtx960m 4gb 15.6 w10 gaming black friday 2017 | megacomponentes.com informática y tecnología                  tech air taecb001 15.6 mochila negro maletines para portáti lenovo y700-15isk i7-6700hq 12gb 1tb nvidia gtx960m 4gb 15.6 w10 ga...
0.882747                                                                  sandisk extreme pro compact flash cf memory card 160mb/s udma 7 - 128gb                                                           sandisk sdcfxps-128g dfc 128gb 50p cf 1066x 160mb/s compactflash card sandisk extreme pro
0.850830                                       corsair air series sp120 pwm high performance edition static pressure fan | co-9050013-ww novatech                                  corsair air series sp120 120mm 2350rpm 62.74cfm 35dba high static pressure fan dual pack pack - co-9050008-ww ncix
0.811526                                      apple mac mini 2.8ghz intel core i5 mac mini qc i5 2.6ghz/8gb/1tb/iris graphics - black friday 2017                                         mac mini qc i5 2.6ghz/8gb/1tb/iris graphics hp omen ordenador de sobremesa by - 870-110ns black friday 2017
0.810442              startech.com adaptador conversor de vídeo displayport a hdmi componentes pc tu tienda online líder con precios más baratos!               startech.com conmutador switch kvm - 2 puertos usb 2.0 audio vídeo displayport monitores interruptor d-link des 105 black friday 2017
0.784143                      startech.com displayport to hdmi video converter startech.com converter - dp2hdmi2 monitor cables/adapters cdwg.com startech.com dp2hd4ks displayport to hdmi 4k audio/video converter -us audio & video accessories - page 479 | home entertainment centers online -us
0.764439                           hp probook 640 g3 i5-7200u 8gb 256gb ssd 14 w10pro pro x2 612 g2 2 en 1 core m3-7y30 128gb tactil 12 fhd w1...                                    hp elite x2 1012 g1 2 en 1 core m7-6y65 8gb 256gb ssd 4g lte tactil 12 w10pro pro 612 g2 m3-7y30 128gb fhd w1...

самые уверенные FN:
    score                                                                                                                                                                                                       title_left                                                                                                                title_right
0.004837                                                                                           corsair vengeance lpx black 32gb (2x16gb) ddr4 pc4-17000 2133mhz dual channel kit 2x16gb | cmk32gx4m2a2133c13 novatech corsair vengeance lpx - ddr4 32 gb: 2 x 16 gb dimm 288-pin corsair 288-pin cmk32gx4m2a2400c14 system memory (ram) cdwg.com
0.009720                                                                                                                        asus geforce gtx 1050 expedition 2048mb gddr5 pci-express graphics card ▷ asus gr… | ocuk                                                                                                         asus ex-gtx1050-2g
0.027843                                                                                                                          asus m5a99x pro r2.0 amd 990x (socket am3+) ddr3 atx motherboard ▷ asus motherb… | ocuk                                                      buy online | asus amd m5a99fx pro r2.0 motherboard price in india -us
0.043332                                                                                                         corsair 4gb (1x4gb) ddr3 1333 mhz (pc3 10666) laptop memory -us blank media - page 2 | all tech toys -us                          corsair - ddr3 4 gb so-dimm 204-pin corsair 204-pin cmso4gx3m1a1333c9 system memory (ram) cdw.com
0.044328                                                                                                                                                                     647909-b21 hp 8gb (1x8gb) dual rank lp udimm                                           hp low power kit memory - 8 gb dimm 240-pin ddr3 series , hp 240-pin prices cnet
0.063784 compaq... , hp 18188717... ibm... hp... dell dell... dec... samsung... 128mb... micron technology 127005031 256mb sdram memory pc-133 , printronix... intermec... 18187327... tecmar... ast... lexmark... 1gb...                                        127005-031 hp 256mb sdram memory , price 127005-031 new 127005-031 memory wholesale
0.079538                                                                                                                         apple smart flip cover for tablet apple tablet - mq0g2zm/a tablet cases & covers cdw.com                                apple smart screen cover for tablet apple tablet - mk0l2zm/a tablet cases & covers cdwg.com
0.098040                                                                                                                     corsair cmso4gx3m1a1333c9 4gb ddr3 1333mhz sodimm unbuff cl9 for laptops laptops for $38.54.                   corsair 4gb (1x4gb) ddr3 1333 mhz (pc3 10666) laptop memory -us blank media - page 2 | all tech toys -us
0.105908                                                                                 amd piledriver fx-6 six core 6300 black edition 3.50ghz (socket am3+) processor - retail socket am3plus | fd6300wmhkbox novatech                                       fx-6300 6-core black edition socket am3+ 3.5 ghz processor - retail retail amd | cpc
0.111602                                                                                                            apple macbook pro a1278 2.5ghz core i5 4gb 500gb yosemite + office carbon carbon | indy surplus store              apple macbook pro - 13.3 core i5 4 gb ram 500 hdd english apple english md101ll/a notebook computers cdwg.com

=== small: сравнение с «grad_boosting | v1» ===
                                                  val_F1  test_F1      test_F1_CI  test_P  test_R  test_PR_AUC    dF1  dF1_lo  dF1_hi  mcnemar_p
section       model                                                                                                                             
A v1 vs v2    logreg | v1                          0.847    0.743  [0.706, 0.777]   0.634   0.897        0.857 -0.045  -0.072  -0.020      0.000
              grad_boosting | v1                   0.837    0.788  [0.751, 0.821]   0.718   0.873        0.849  0.000   0.000   0.000      1.000
              random_forest | v1 | seed 0          0.847    0.746  [0.709, 0.781]   0.634   0.907        0.853 -0.042  -0.063  -0.020      0.000
              random_forest | v1 | seed 1          0.850    0.753  [0.715, 0.787]   0.645   0.907        0.856 -0.035  -0.055  -0.014      0.000
              random_forest | v1 | seed 2          0.856    0.758  [0.720, 0.793]   0.656   0.897        0.855 -0.030  -0.051  -0.010      0.000
              logreg | v2                          0.890    0.828  [0.799, 0.861]   0.755   0.917        0.907  0.040   0.010   0.072      0.017
              grad_boosting | v2                   0.882    0.856  [0.827, 0.885]   0.779   0.950        0.921  0.068   0.041   0.096      0.000
              random_forest | v2 | seed 0          0.895    0.854  [0.821, 0.884]   0.799   0.917        0.919  0.066   0.037   0.096      0.000
              random_forest | v2 | seed 1          0.902    0.839  [0.806, 0.870]   0.747   0.957        0.922  0.051   0.024   0.079      0.003
              random_forest | v2 | seed 2          0.891    0.834  [0.803, 0.864]   0.745   0.947        0.919  0.046   0.018   0.075      0.007
B ablation v2 grad_boosting | v2 − measures        0.884    0.847  [0.817, 0.876]   0.805   0.893        0.904  0.059   0.032   0.086      0.000
              grad_boosting | v2 − num_unmatched   0.860    0.862  [0.834, 0.890]   0.812   0.920        0.914  0.075   0.048   0.105      0.000
              grad_boosting | v2 − code_diff       0.869    0.854  [0.824, 0.883]   0.841   0.867        0.911  0.066   0.038   0.095      0.000
              grad_boosting | v2 − code_in_text    0.865    0.857  [0.827, 0.887]   0.857   0.857        0.915  0.069   0.039   0.096      0.000
              grad_boosting | v2 − shop            0.880    0.844  [0.816, 0.874]   0.760   0.950        0.920  0.056   0.030   0.085      0.001
              grad_boosting | v2 − length          0.889    0.867  [0.840, 0.895]   0.793   0.957        0.926  0.079   0.052   0.109      0.000
C tuned       grad_boosting | v2 | tuned           0.889    0.881  [0.853, 0.906]   0.823   0.947        0.918  0.093   0.064   0.122      0.000
--- small: сравнение с «grad_boosting | v2» ---
                                    test_F1  dF1_vs_v2  dF1_lo_vs_v2  dF1_hi_vs_v2  mcnemar_p_vs_v2
model                                                                                              
grad_boosting | v2 − measures         0.847     -0.009        -0.029         0.009            1.000
grad_boosting | v2 − num_unmatched    0.862      0.007        -0.012         0.026            0.312
grad_boosting | v2 − code_diff        0.854     -0.002        -0.026         0.021            0.443
grad_boosting | v2 − code_in_text     0.857      0.001        -0.025         0.027            0.275
grad_boosting | v2 − shop             0.844     -0.011        -0.027         0.004            0.163
grad_boosting | v2 − length           0.867      0.011        -0.003         0.026            0.185
grad_boosting | v2 | tuned            0.881      0.025         0.011         0.040            0.001

=== medium: сравнение с «grad_boosting | v1» ===
                                                  val_F1  test_F1      test_F1_CI  test_P  test_R  test_PR_AUC    dF1  dF1_lo  dF1_hi  mcnemar_p
section       model                                                                                                                             
A v1 vs v2    logreg | v1                          0.808    0.747  [0.712, 0.783]   0.636   0.907        0.855 -0.076  -0.105  -0.047      0.000
              grad_boosting | v1                   0.822    0.823  [0.789, 0.855]   0.776   0.877        0.878  0.000   0.000   0.000      1.000
              random_forest | v1 | seed 0          0.823    0.773  [0.736, 0.806]   0.679   0.897        0.888 -0.050  -0.074  -0.027      0.000
              random_forest | v1 | seed 1          0.819    0.750  [0.714, 0.784]   0.635   0.917        0.890 -0.073  -0.098  -0.047      0.000
              random_forest | v1 | seed 2          0.821    0.752  [0.716, 0.787]   0.634   0.923        0.889 -0.071  -0.096  -0.045      0.000
              logreg | v2                          0.854    0.825  [0.793, 0.855]   0.725   0.957        0.914  0.002  -0.031   0.034      0.485
              grad_boosting | v2                   0.882    0.889  [0.861, 0.915]   0.846   0.937        0.924  0.066   0.039   0.093      0.000
              random_forest | v2 | seed 0          0.871    0.859  [0.830, 0.886]   0.788   0.943        0.932  0.036   0.009   0.064      0.052
              random_forest | v2 | seed 1          0.872    0.847  [0.816, 0.878]   0.758   0.960        0.934  0.024  -0.005   0.054      0.435
              random_forest | v2 | seed 2          0.873    0.849  [0.818, 0.876]   0.763   0.957        0.931  0.026  -0.003   0.056      0.329
B ablation v2 grad_boosting | v2 − measures        0.874    0.858  [0.829, 0.886]   0.790   0.940        0.916  0.035   0.011   0.061      0.031
              grad_boosting | v2 − num_unmatched   0.879    0.869  [0.841, 0.897]   0.824   0.920        0.920  0.046   0.017   0.076      0.002
              grad_boosting | v2 − code_diff       0.889    0.875  [0.846, 0.902]   0.840   0.913        0.925  0.052   0.027   0.080      0.000
              grad_boosting | v2 − code_in_text    0.868    0.863  [0.832, 0.891]   0.816   0.917        0.922  0.040   0.018   0.065      0.003
              grad_boosting | v2 − shop            0.882    0.892  [0.866, 0.916]   0.863   0.923        0.924  0.069   0.041   0.097      0.000
              grad_boosting | v2 − length          0.879    0.880  [0.853, 0.905]   0.837   0.927        0.935  0.057   0.031   0.085      0.000
C tuned       grad_boosting | v2 | tuned           0.891    0.883  [0.855, 0.909]   0.832   0.940        0.930  0.059   0.031   0.088      0.000
--- medium: сравнение с «grad_boosting | v2» ---
                                    test_F1  dF1_vs_v2  dF1_lo_vs_v2  dF1_hi_vs_v2  mcnemar_p_vs_v2
model                                                                                              
grad_boosting | v2 − measures         0.858     -0.031        -0.048        -0.014            0.000
grad_boosting | v2 − num_unmatched    0.869     -0.020        -0.036        -0.004            0.029
grad_boosting | v2 − code_diff        0.875     -0.014        -0.032         0.005            0.256
grad_boosting | v2 − code_in_text     0.863     -0.026        -0.044        -0.007            0.008
grad_boosting | v2 − shop             0.892      0.003        -0.013         0.018            0.701
grad_boosting | v2 − length           0.880     -0.009        -0.021         0.001            0.180
grad_boosting | v2 | tuned            0.883     -0.007        -0.017         0.003            0.227

=== large: сравнение с «grad_boosting | v1» ===
                                                  val_F1  test_F1      test_F1_CI  test_P  test_R  test_PR_AUC    dF1  dF1_lo  dF1_hi  mcnemar_p
section       model                                                                                                                             
A v1 vs v2    logreg | v1                          0.751    0.766  [0.731, 0.800]   0.697   0.850        0.854 -0.064  -0.089  -0.040      0.000
              grad_boosting | v1                   0.792    0.830  [0.795, 0.860]   0.786   0.880        0.915  0.000   0.000   0.000      1.000
              random_forest | v1 | seed 0          0.801    0.825  [0.790, 0.857]   0.764   0.897        0.919 -0.005  -0.021   0.012      0.392
              random_forest | v1 | seed 1          0.800    0.824  [0.790, 0.854]   0.752   0.910        0.919 -0.007  -0.024   0.012      0.200
              random_forest | v1 | seed 2          0.802    0.834  [0.800, 0.866]   0.787   0.887        0.917  0.004  -0.014   0.024      0.871
              logreg | v2                          0.807    0.802  [0.768, 0.834]   0.704   0.933        0.909 -0.028  -0.056   0.002      0.006
              grad_boosting | v2                   0.859    0.907  [0.882, 0.930]   0.873   0.943        0.968  0.077   0.052   0.106      0.000
              random_forest | v2 | seed 0          0.863    0.890  [0.864, 0.913]   0.834   0.953        0.962  0.059   0.034   0.087      0.000
              random_forest | v2 | seed 1          0.861    0.889  [0.862, 0.913]   0.836   0.950        0.964  0.059   0.034   0.086      0.000
              random_forest | v2 | seed 2          0.863    0.885  [0.858, 0.910]   0.828   0.950        0.964  0.055   0.030   0.083      0.000
B ablation v2 grad_boosting | v2 − measures        0.853    0.889  [0.861, 0.914]   0.848   0.933        0.958  0.059   0.035   0.086      0.000
              grad_boosting | v2 − num_unmatched   0.856    0.890  [0.865, 0.918]   0.840   0.947        0.964  0.060   0.035   0.090      0.000
              grad_boosting | v2 − code_diff       0.853    0.893  [0.866, 0.918]   0.858   0.930        0.962  0.063   0.036   0.092      0.000
              grad_boosting | v2 − code_in_text    0.851    0.892  [0.866, 0.918]   0.861   0.927        0.965  0.062   0.038   0.088      0.000
              grad_boosting | v2 − shop            0.860    0.898  [0.872, 0.921]   0.862   0.937        0.965  0.068   0.042   0.096      0.000
              grad_boosting | v2 − length          0.863    0.909  [0.885, 0.932]   0.869   0.953        0.968  0.079   0.054   0.107      0.000
C tuned       grad_boosting | v2 | tuned           0.875    0.916  [0.892, 0.939]   0.903   0.930        0.970  0.086   0.058   0.118      0.000
--- large: сравнение с «grad_boosting | v2» ---
                                    test_F1  dF1_vs_v2  dF1_lo_vs_v2  dF1_hi_vs_v2  mcnemar_p_vs_v2
model                                                                                              
grad_boosting | v2 − measures         0.889     -0.018        -0.034        -0.004            0.029
grad_boosting | v2 − num_unmatched    0.890     -0.017        -0.034         0.002            0.065
grad_boosting | v2 − code_diff        0.893     -0.014        -0.029        -0.001            0.078
grad_boosting | v2 − code_in_text     0.892     -0.015        -0.030         0.000            0.108
grad_boosting | v2 − shop             0.898     -0.009        -0.021         0.001            0.180
grad_boosting | v2 − length           0.909      0.002        -0.007         0.012            1.000
grad_boosting | v2 | tuned            0.916      0.009        -0.007         0.025            0.248

=== xlarge: сравнение с «grad_boosting | v1» ===
                                                  val_F1  test_F1      test_F1_CI  test_P  test_R  test_PR_AUC    dF1  dF1_lo  dF1_hi  mcnemar_p
section       model                                                                                                                             
A v1 vs v2    logreg | v1                          0.729    0.751  [0.712, 0.786]   0.667   0.860        0.848 -0.100  -0.128  -0.074      0.000
              grad_boosting | v1                   0.775    0.851  [0.822, 0.880]   0.810   0.897        0.915  0.000   0.000   0.000      1.000
              random_forest | v1 | seed 0          0.790    0.854  [0.824, 0.884]   0.813   0.900        0.923  0.003  -0.016   0.023      0.871
              random_forest | v1 | seed 1          0.791    0.850  [0.819, 0.878]   0.787   0.923        0.923 -0.002  -0.021   0.017      0.636
              random_forest | v1 | seed 2          0.791    0.849  [0.818, 0.879]   0.818   0.883        0.922 -0.002  -0.020   0.019      1.000
              logreg | v2                          0.774    0.809  [0.774, 0.840]   0.737   0.897        0.903 -0.042  -0.071  -0.012      0.002
              grad_boosting | v2                   0.853    0.912  [0.887, 0.935]   0.889   0.937        0.961  0.061   0.036   0.087      0.000
              random_forest | v2 | seed 0          0.859    0.894  [0.869, 0.919]   0.848   0.947        0.966  0.043   0.017   0.070      0.002
              random_forest | v2 | seed 1          0.859    0.898  [0.872, 0.922]   0.851   0.950        0.965  0.046   0.021   0.074      0.001
              random_forest | v2 | seed 2          0.858    0.893  [0.868, 0.918]   0.843   0.950        0.966  0.042   0.017   0.070      0.003
B ablation v2 grad_boosting | v2 − measures        0.844    0.899  [0.872, 0.925]   0.865   0.937        0.953  0.048   0.023   0.075      0.000
              grad_boosting | v2 − num_unmatched   0.844    0.901  [0.877, 0.926]   0.875   0.930        0.958  0.050   0.026   0.077      0.000
              grad_boosting | v2 − code_diff       0.843    0.901  [0.875, 0.924]   0.879   0.923        0.956  0.050   0.025   0.076      0.000
              grad_boosting | v2 − code_in_text    0.842    0.901  [0.875, 0.925]   0.875   0.930        0.954  0.050   0.028   0.073      0.000
              grad_boosting | v2 − shop            0.849    0.908  [0.883, 0.932]   0.879   0.940        0.960  0.057   0.032   0.082      0.000
              grad_boosting | v2 − length          0.852    0.917  [0.891, 0.938]   0.893   0.943        0.960  0.066   0.040   0.092      0.000
C tuned       grad_boosting | v2 | tuned           0.868    0.910  [0.885, 0.932]   0.896   0.923        0.964  0.058   0.032   0.085      0.000
--- xlarge: сравнение с «grad_boosting | v2» ---
                                    test_F1  dF1_vs_v2  dF1_lo_vs_v2  dF1_hi_vs_v2  mcnemar_p_vs_v2
model                                                                                              
grad_boosting | v2 − measures         0.899     -0.013        -0.028         0.002            0.093
grad_boosting | v2 − num_unmatched    0.901     -0.011        -0.026         0.005            0.248
grad_boosting | v2 − code_diff        0.901     -0.012        -0.025         0.002            0.167
grad_boosting | v2 − code_in_text     0.901     -0.011        -0.025         0.004            0.210
grad_boosting | v2 − shop             0.908     -0.004        -0.015         0.008            0.607
grad_boosting | v2 − length           0.917      0.005        -0.005         0.015            0.549
grad_boosting | v2 | tuned            0.910     -0.003        -0.016         0.010            1.000

=== F1 на test (RF: mean ± std по seeds) ===
train                                       small         medium          large         xlarge
base                                                                                          
grad_boosting | v1                          0.788          0.823          0.830          0.851
grad_boosting | v2                          0.856          0.889          0.907          0.912
grad_boosting | v2 | tuned                  0.881          0.883          0.916          0.910
grad_boosting | v2 − code_diff              0.854          0.875          0.893          0.901
grad_boosting | v2 − code_in_text           0.857          0.863          0.892          0.901
grad_boosting | v2 − length                 0.867          0.880          0.909          0.917
grad_boosting | v2 − measures               0.847          0.858          0.889          0.899
grad_boosting | v2 − num_unmatched          0.863          0.869          0.890          0.901
grad_boosting | v2 − shop                   0.844          0.892          0.898          0.908
logreg | v1                                 0.743          0.747          0.766          0.751
logreg | v2                                 0.828          0.825          0.802          0.809
random_forest | v1                  0.752 ± 0.006  0.758 ± 0.013  0.828 ± 0.006  0.851 ± 0.003
random_forest | v2                  0.842 ± 0.010  0.852 ± 0.006  0.888 ± 0.002  0.895 ± 0.002

=== подобранные параметры ===
 train                                                                                          params
 small {'learning_rate': 0.03, 'max_leaf_nodes': 15, 'min_samples_leaf': 20, 'l2_regularization': 0.0}
medium {'learning_rate': 0.03, 'max_leaf_nodes': 31, 'min_samples_leaf': 20, 'l2_regularization': 0.0}
 large  {'learning_rate': 0.1, 'max_leaf_nodes': 63, 'min_samples_leaf': 20, 'l2_regularization': 0.0}
xlarge  {'learning_rate': 0.1, 'max_leaf_nodes': 63, 'min_samples_leaf': 20, 'l2_regularization': 0.0}
